Godot Engine v4.6.1.stable.official.14d19694e - https://godotengine.org
Metal 4.0 - Forward Mobile - Using Device #0: Apple - Apple M5 Pro (Apple9)

ACCEPTED_ATTACK_POSES: PASS (33 phases per facing)
Saved /private/tmp/labyrinth-godot-home/protagonist-2d-skeletal-experiment-1788893685469975000-35409-pass9_pose_probe-1/Library/Application Support/Escape the Umbra Visual Probe protagonist-2d-skeletal-experiment-1788893685469975000-35409-pass9_pose_probe-1/probes/cutout_refinement_poses/idle_00.png
Saved /private/tmp/labyrinth-godot-home/protagonist-2d-skeletal-experiment-1788893685469975000-35409-pass9_pose_probe-1/Library/Application Support/Escape the Umbra Visual Probe protagonist-2d-skeletal-experiment-1788893685469975000-35409-pass9_pose_probe-1/probes/cutout_refinement_poses/idle_01.png
Saved /private/tmp/labyrinth-godot-home/protagonist-2d-skeletal-experiment-1788893685469975000-35409-pass9_pose_probe-1/Library/Application Support/Escape the Umbra Visual Probe protagonist-2d-skeletal-experiment-1788893685469975000-35409-pass9_pose_probe-1/probes/cutout_refinement_poses/idle_02.png
Saved /private/tmp/labyrinth-godot-home/protagonist-2d-skeletal-experiment-1788893685469975000-35409-pass9_pose_probe-1/Library/Application Support/Escape the Umbra Visual Probe protagonist-2d-skeletal-experiment-1788893685469975000-35409-pass9_pose_probe-1/probes/cutout_refinement_poses/idle_03.png
Saved /private/tmp/labyrinth-godot-home/protagonist-2d-skeletal-experiment-1788893685469975000-35409-pass9_pose_probe-1/Library/Application Support/Escape the Umbra Visual Probe protagonist-2d-skeletal-experiment-1788893685469975000-35409-pass9_pose_probe-1/probes/cutout_refinement_poses/idle_04.png
Saved /private/tmp/labyrinth-godot-home/protagonist-2d-skeletal-experiment-1788893685469975000-35409-pass9_pose_probe-1/Library/Application Support/Escape the Umbra Visual Probe protagonist-2d-skeletal-experiment-1788893685469975000-35409-pass9_pose_probe-1/probes/cutout_refinement_poses/idle_05.png
Saved /private/tmp/labyrinth-godot-home/protagonist-2d-skeletal-experiment-1788893685469975000-35409-pass9_pose_probe-1/Library/Application Support/Escape the Umbra Visual Probe protagonist-2d-skeletal-experiment-1788893685469975000-35409-pass9_pose_probe-1/probes/cutout_refinement_poses/idle_06.png
Saved /private/tmp/labyrinth-godot-home/protagonist-2d-skeletal-experiment-1788893685469975000-35409-pass9_pose_probe-1/Library/Application Support/Escape the Umbra Visual Probe protagonist-2d-skeletal-experiment-1788893685469975000-35409-pass9_pose_probe-1/probes/cutout_refinement_poses/idle_07.png
Saved /private/tmp/labyrinth-godot-home/protagonist-2d-skeletal-experiment-1788893685469975000-35409-pass9_pose_probe-1/Library/Application Support/Escape the Umbra Visual Probe protagonist-2d-skeletal-experiment-1788893685469975000-35409-pass9_pose_probe-1/probes/cutout_refinement_poses/walk_00.png
Saved /private/tmp/labyrinth-godot-home/protagonist-2d-skeletal-experiment-1788893685469975000-35409-pass9_pose_probe-1/Library/Application Support/Escape the Umbra Visual Probe protagonist-2d-skeletal-experiment-1788893685469975000-35409-pass9_pose_probe-1/probes/cutout_refinement_poses/walk_01.png
Saved /private/tmp/labyrinth-godot-home/protagonist-2d-skeletal-experiment-1788893685469975000-35409-pass9_pose_probe-1/Library/Application Support/Escape the Umbra Visual Probe protagonist-2d-skeletal-experiment-1788893685469975000-35409-pass9_pose_probe-1/probes/cutout_refinement_poses/walk_02.png
Saved /private/tmp/labyrinth-godot-home/protagonist-2d-skeletal-experiment-1788893685469975000-35409-pass9_pose_probe-1/Library/Application Support/Escape the Umbra Visual Probe protagonist-2d-skeletal-experiment-1788893685469975000-35409-pass9_pose_probe-1/probes/cutout_refinement_poses/walk_03.png
Saved /private/tmp/labyrinth-godot-home/protagonist-2d-skeletal-experiment-1788893685469975000-35409-pass9_pose_probe-1/Library/Application Support/Escape the Umbra Visual Probe protagonist-2d-skeletal-experiment-1788893685469975000-35409-pass9_pose_probe-1/probes/cutout_refinement_poses/walk_04.png
Saved /private/tmp/labyrinth-godot-home/protagonist-2d-skeletal-experiment-1788893685469975000-35409-pass9_pose_probe-1/Library/Application Support/Escape the Umbra Visual Probe protagonist-2d-skeletal-experiment-1788893685469975000-35409-pass9_pose_probe-1/probes/cutout_refinement_poses/walk_05.png
Saved /private/tmp/labyrinth-godot-home/protagonist-2d-skeletal-experiment-1788893685469975000-35409-pass9_pose_probe-1/Library/Application Support/Escape the Umbra Visual Probe protagonist-2d-skeletal-experiment-1788893685469975000-35409-pass9_pose_probe-1/probes/cutout_refinement_poses/walk_06.png
Saved /private/tmp/labyrinth-godot-home/protagonist-2d-skeletal-experiment-1788893685469975000-35409-pass9_pose_probe-1/Library/Application Support/Escape the Umbra Visual Probe protagonist-2d-skeletal-experiment-1788893685469975000-35409-pass9_pose_probe-1/probes/cutout_refinement_poses/walk_07.png
Saved /private/tmp/labyrinth-godot-home/protagonist-2d-skeletal-experiment-1788893685469975000-35409-pass9_pose_probe-1/Library/Application Support/Escape the Umbra Visual Probe protagonist-2d-skeletal-experiment-1788893685469975000-35409-pass9_pose_probe-1/probes/cutout_refinement_poses/walk_08.png
Saved /private/tmp/labyrinth-godot-home/protagonist-2d-skeletal-experiment-1788893685469975000-35409-pass9_pose_probe-1/Library/Application Support/Escape the Umbra Visual Probe protagonist-2d-skeletal-experiment-1788893685469975000-35409-pass9_pose_probe-1/probes/cutout_refinement_poses/walk_09.png
Saved /private/tmp/labyrinth-godot-home/protagonist-2d-skeletal-experiment-1788893685469975000-35409-pass9_pose_probe-1/Library/Application Support/Escape the Umbra Visual Probe protagonist-2d-skeletal-experiment-1788893685469975000-35409-pass9_pose_probe-1/probes/cutout_refinement_poses/walk_10.png
Saved /private/tmp/labyrinth-godot-home/protagonist-2d-skeletal-experiment-1788893685469975000-35409-pass9_pose_probe-1/Library/Application Support/Escape the Umbra Visual Probe protagonist-2d-skeletal-experiment-1788893685469975000-35409-pass9_pose_probe-1/probes/cutout_refinement_poses/walk_11.png
Saved /private/tmp/labyrinth-godot-home/protagonist-2d-skeletal-experiment-1788893685469975000-35409-pass9_pose_probe-1/Library/Application Support/Escape the Umbra Visual Probe protagonist-2d-skeletal-experiment-1788893685469975000-35409-pass9_pose_probe-1/probes/cutout_refinement_poses/walk_12.png
Saved /private/tmp/labyrinth-godot-home/protagonist-2d-skeletal-experiment-1788893685469975000-35409-pass9_pose_probe-1/Library/Application Support/Escape the Umbra Visual Probe protagonist-2d-skeletal-experiment-1788893685469975000-35409-pass9_pose_probe-1/probes/cutout_refinement_poses/walk_13.png
Saved /private/tmp/labyrinth-godot-home/protagonist-2d-skeletal-experiment-1788893685469975000-35409-pass9_pose_probe-1/Library/Application Support/Escape the Umbra Visual Probe protagonist-2d-skeletal-experiment-1788893685469975000-35409-pass9_pose_probe-1/probes/cutout_refinement_poses/walk_14.png
Saved /private/tmp/labyrinth-godot-home/protagonist-2d-skeletal-experiment-1788893685469975000-35409-pass9_pose_probe-1/Library/Application Support/Escape the Umbra Visual Probe protagonist-2d-skeletal-experiment-1788893685469975000-35409-pass9_pose_probe-1/probes/cutout_refinement_poses/walk_15.png
Saved /private/tmp/labyrinth-godot-home/protagonist-2d-skeletal-experiment-1788893685469975000-35409-pass9_pose_probe-1/Library/Application Support/Escape the Umbra Visual Probe protagonist-2d-skeletal-experiment-1788893685469975000-35409-pass9_pose_probe-1/probes/cutout_refinement_poses/walk_16.png
Saved /private/tmp/labyrinth-godot-home/protagonist-2d-skeletal-experiment-1788893685469975000-35409-pass9_pose_probe-1/Library/Application Support/Escape the Umbra Visual Probe protagonist-2d-skeletal-experiment-1788893685469975000-35409-pass9_pose_probe-1/probes/cutout_refinement_poses/walk_17.png
Saved /private/tmp/labyrinth-godot-home/protagonist-2d-skeletal-experiment-1788893685469975000-35409-pass9_pose_probe-1/Library/Application Support/Escape the Umbra Visual Probe protagonist-2d-skeletal-experiment-1788893685469975000-35409-pass9_pose_probe-1/probes/cutout_refinement_poses/walk_18.png
Saved /private/tmp/labyrinth-godot-home/protagonist-2d-skeletal-experiment-1788893685469975000-35409-pass9_pose_probe-1/Library/Application Support/Escape the Umbra Visual Probe protagonist-2d-skeletal-experiment-1788893685469975000-35409-pass9_pose_probe-1/probes/cutout_refinement_poses/walk_19.png
Saved /private/tmp/labyrinth-godot-home/protagonist-2d-skeletal-experiment-1788893685469975000-35409-pass9_pose_probe-1/Library/Application Support/Escape the Umbra Visual Probe protagonist-2d-skeletal-experiment-1788893685469975000-35409-pass9_pose_probe-1/probes/cutout_refinement_poses/walk_20.png
Saved /private/tmp/labyrinth-godot-home/protagonist-2d-skeletal-experiment-1788893685469975000-35409-pass9_pose_probe-1/Library/Application Support/Escape the Umbra Visual Probe protagonist-2d-skeletal-experiment-1788893685469975000-35409-pass9_pose_probe-1/probes/cutout_refinement_poses/walk_21.png
Saved /private/tmp/labyrinth-godot-home/protagonist-2d-skeletal-experiment-1788893685469975000-35409-pass9_pose_probe-1/Library/Application Support/Escape the Umbra Visual Probe protagonist-2d-skeletal-experiment-1788893685469975000-35409-pass9_pose_probe-1/probes/cutout_refinement_poses/walk_22.png
Saved /private/tmp/labyrinth-godot-home/protagonist-2d-skeletal-experiment-1788893685469975000-35409-pass9_pose_probe-1/Library/Application Support/Escape the Umbra Visual Probe protagonist-2d-skeletal-experiment-1788893685469975000-35409-pass9_pose_probe-1/probes/cutout_refinement_poses/walk_23.png
Saved /private/tmp/labyrinth-godot-home/protagonist-2d-skeletal-experiment-1788893685469975000-35409-pass9_pose_probe-1/Library/Application Support/Escape the Umbra Visual Probe protagonist-2d-skeletal-experiment-1788893685469975000-35409-pass9_pose_probe-1/probes/cutout_refinement_poses/attack_00.png
Saved /private/tmp/labyrinth-godot-home/protagonist-2d-skeletal-experiment-1788893685469975000-35409-pass9_pose_probe-1/Library/Application Support/Escape the Umbra Visual Probe protagonist-2d-skeletal-experiment-1788893685469975000-35409-pass9_pose_probe-1/probes/cutout_refinement_poses/attack_01.png
Saved /private/tmp/labyrinth-godot-home/protagonist-2d-skeletal-experiment-1788893685469975000-35409-pass9_pose_probe-1/Library/Application Support/Escape the Umbra Visual Probe protagonist-2d-skeletal-experiment-1788893685469975000-35409-pass9_pose_probe-1/probes/cutout_refinement_poses/attack_02.png
Saved /private/tmp/labyrinth-godot-home/protagonist-2d-skeletal-experiment-1788893685469975000-35409-pass9_pose_probe-1/Library/Application Support/Escape the Umbra Visual Probe protagonist-2d-skeletal-experiment-1788893685469975000-35409-pass9_pose_probe-1/probes/cutout_refinement_poses/attack_03.png
Saved /private/tmp/labyrinth-godot-home/protagonist-2d-skeletal-experiment-1788893685469975000-35409-pass9_pose_probe-1/Library/Application Support/Escape the Umbra Visual Probe protagonist-2d-skeletal-experiment-1788893685469975000-35409-pass9_pose_probe-1/probes/cutout_refinement_poses/attack_04.png
Saved /private/tmp/labyrinth-godot-home/protagonist-2d-skeletal-experiment-1788893685469975000-35409-pass9_pose_probe-1/Library/Application Support/Escape the Umbra Visual Probe protagonist-2d-skeletal-experiment-1788893685469975000-35409-pass9_pose_probe-1/probes/cutout_refinement_poses/attack_05.png
Saved /private/tmp/labyrinth-godot-home/protagonist-2d-skeletal-experiment-1788893685469975000-35409-pass9_pose_probe-1/Library/Application Support/Escape the Umbra Visual Probe protagonist-2d-skeletal-experiment-1788893685469975000-35409-pass9_pose_probe-1/probes/cutout_refinement_poses/attack_06.png
Saved /private/tmp/labyrinth-godot-home/protagonist-2d-skeletal-experiment-1788893685469975000-35409-pass9_pose_probe-1/Library/Application Support/Escape the Umbra Visual Probe protagonist-2d-skeletal-experiment-1788893685469975000-35409-pass9_pose_probe-1/probes/cutout_refinement_poses/attack_07.png
POSE_REFINEMENT_RESULT: PASS
