Running task-local command:
  task: unify-combat-art-with-efficient-grading-contact-shading-and-shared-light
  run: unify-combat-art-with-efficient-grading-1789661507964447000-92838
  HOME: /private/tmp/labyrinth-godot-home/unify-combat-art-with-efficient-grading-1789661507964447000-92838
  Steam: disabled
  command: godot --log-file /private/tmp/labyrinth-godot-home/unify-combat-art-with-efficient-grading-1789661507964447000-92838/godot.log --headless --path . --script tests/run_tests.gd
  timeout: 300s
  stream: enabled
Godot Engine v4.6.1.stable.official.14d19694e - https://godotengine.org

ENEMY TACTICAL AI RESOURCE PROOF: plans=14 future_searches=11 total_ms=10.96
Guardian relic contracts exercised
Guardian exercised: Ashen Reaver
Guardian exercised: Rimejaw
Guardian exercised: Storm Cantor
Guardian exercised: Gallows Roc
Guardian exercised: Craghide
Guardian exercised: Last Lamplighter
WARNING: Conflicting legacy combat-unit evidence; preserving serialized values rather than risking destructive conversion.
     at: push_warning (core/variant/variant_utility.cpp:1034)
     GDScript backtrace (most recent call first):
         [0] migrate_combat_units (res://scripts/run_engine.gd:419)
         [1] _test_natural_and_ambiguous_saves_are_not_rescaled (res://tests/suites/balance_pacing_suite.gd:100)
         [2] run (res://tests/suites/balance_pacing_suite.gd:14)
         [3] _initialize (res://tests/run_tests.gd:130)
ITEM DROP SAMPLE (600 rooms): [107, 369, 124]
TEST RESULT: PASS
WARNING: ObjectDB instances leaked at exit (run with --verbose for details).
     at: cleanup (core/object/object.cpp:2641)
