WARNING: 2D MSAA is not yet supported for GLES3.
     at: render_target_set_msaa (drivers/gles3/storage/texture_storage.cpp:2934)
Acquired GUI render lease: /private/tmp/labyrinth-gui-render.lock
Running visual probe:
  namespace: implement-guardian-combats-and-anima-1789482074801472000-99340-guardian_inspection_prob-1
  HOME: /private/tmp/labyrinth-godot-home/implement-guardian-combats-and-anima-1789482074801472000-99340-guardian_inspection_prob-1
  command: godot --log-file /private/tmp/labyrinth-godot-home/implement-guardian-combats-and-anima-1789482074801472000-99340-guardian_inspection_prob-1/godot.log --display-driver macos --rendering-method gl_compatibility --rendering-driver opengl3 --path /Users/borgerding/workspace/Labyrinth.worktrees/implement-guardian-combats-and-animated-encounters --script tests/guardian_inspection_probe.gd
Godot Engine v4.6.1.stable.official.14d19694e - https://godotengine.org
OpenGL API 4.1 Metal - 90.5 - Compatibility - Using Device: Apple - Apple M5 Pro

GUARDIAN INSPECTION: PASS []
Validated 14 screenshot(s):
  /private/tmp/labyrinth-godot-home/implement-guardian-combats-and-anima-1789482074801472000-99340-guardian_inspection_prob-1/Library/Application Support/Escape the Umbra Visual Probe implement-guardian-combats-and-anima-1789482074801472000-99340-guardian_inspection_prob-1/probes/guardian_ui/ash_hound_expanded_inspection.png 1920x1080 luma=4.5 range=240.7 stdev=16.2
  /private/tmp/labyrinth-godot-home/implement-guardian-combats-and-anima-1789482074801472000-99340-guardian_inspection_prob-1/Library/Application Support/Escape the Umbra Visual Probe implement-guardian-combats-and-anima-1789482074801472000-99340-guardian_inspection_prob-1/probes/guardian_ui/ashen_reaver_expanded_inspection.png 1920x1080 luma=5.5 range=240.7 stdev=20.5
  /private/tmp/labyrinth-godot-home/implement-guardian-combats-and-anima-1789482074801472000-99340-guardian_inspection_prob-1/Library/Application Support/Escape the Umbra Visual Probe implement-guardian-combats-and-anima-1789482074801472000-99340-guardian_inspection_prob-1/probes/guardian_ui/bell_tender_expanded_inspection.png 1920x1080 luma=4.8 range=250.2 stdev=18.1
  /private/tmp/labyrinth-godot-home/implement-guardian-combats-and-anima-1789482074801472000-99340-guardian_inspection_prob-1/Library/Application Support/Escape the Umbra Visual Probe implement-guardian-combats-and-anima-1789482074801472000-99340-guardian_inspection_prob-1/probes/guardian_ui/craghide_expanded_inspection.png 1920x1080 luma=5.3 range=240.7 stdev=19.9
  /private/tmp/labyrinth-godot-home/implement-guardian-combats-and-anima-1789482074801472000-99340-guardian_inspection_prob-1/Library/Application Support/Escape the Umbra Visual Probe implement-guardian-combats-and-anima-1789482074801472000-99340-guardian_inspection_prob-1/probes/guardian_ui/gallows_roc_expanded_inspection.png 1920x1080 luma=5.4 range=240.7 stdev=20.6
  /private/tmp/labyrinth-godot-home/implement-guardian-combats-and-anima-1789482074801472000-99340-guardian_inspection_prob-1/Library/Application Support/Escape the Umbra Visual Probe implement-guardian-combats-and-anima-1789482074801472000-99340-guardian_inspection_prob-1/probes/guardian_ui/last_lamplighter_expanded_inspection.png 1920x1080 luma=5.7 range=240.7 stdev=22.0
  /private/tmp/labyrinth-godot-home/implement-guardian-combats-and-anima-1789482074801472000-99340-guardian_inspection_prob-1/Library/Application Support/Escape the Umbra Visual Probe implement-guardian-combats-and-anima-1789482074801472000-99340-guardian_inspection_prob-1/probes/guardian_ui/lightning_wisp_expanded_inspection.png 1920x1080 luma=5.6 range=252.0 stdev=22.6
  /private/tmp/labyrinth-godot-home/implement-guardian-combats-and-anima-1789482074801472000-99340-guardian_inspection_prob-1/Library/Application Support/Escape the Umbra Visual Probe implement-guardian-combats-and-anima-1789482074801472000-99340-guardian_inspection_prob-1/probes/guardian_ui/rime_spitter_expanded_inspection.png 1920x1080 luma=5.1 range=246.8 stdev=19.8
  /private/tmp/labyrinth-godot-home/implement-guardian-combats-and-anima-1789482074801472000-99340-guardian_inspection_prob-1/Library/Application Support/Escape the Umbra Visual Probe implement-guardian-combats-and-anima-1789482074801472000-99340-guardian_inspection_prob-1/probes/guardian_ui/rime_whelp_expanded_inspection.png 1920x1080 luma=4.9 range=254.1 stdev=18.9
  /private/tmp/labyrinth-godot-home/implement-guardian-combats-and-anima-1789482074801472000-99340-guardian_inspection_prob-1/Library/Application Support/Escape the Umbra Visual Probe implement-guardian-combats-and-anima-1789482074801472000-99340-guardian_inspection_prob-1/probes/guardian_ui/rimejaw_expanded_inspection.png 1920x1080 luma=5.4 range=255.0 stdev=20.8
  /private/tmp/labyrinth-godot-home/implement-guardian-combats-and-anima-1789482074801472000-99340-guardian_inspection_prob-1/Library/Application Support/Escape the Umbra Visual Probe implement-guardian-combats-and-anima-1789482074801472000-99340-guardian_inspection_prob-1/probes/guardian_ui/roc_fledgling_expanded_inspection.png 1920x1080 luma=4.8 range=240.7 stdev=18.2
  /private/tmp/labyrinth-godot-home/implement-guardian-combats-and-anima-1789482074801472000-99340-guardian_inspection_prob-1/Library/Application Support/Escape the Umbra Visual Probe implement-guardian-combats-and-anima-1789482074801472000-99340-guardian_inspection_prob-1/probes/guardian_ui/stoneback_mite_expanded_inspection.png 1920x1080 luma=4.8 range=240.7 stdev=18.1
  /private/tmp/labyrinth-godot-home/implement-guardian-combats-and-anima-1789482074801472000-99340-guardian_inspection_prob-1/Library/Application Support/Escape the Umbra Visual Probe implement-guardian-combats-and-anima-1789482074801472000-99340-guardian_inspection_prob-1/probes/guardian_ui/storm_cantor_expanded_inspection.png 1920x1080 luma=5.7 range=244.3 stdev=21.6
  /private/tmp/labyrinth-godot-home/implement-guardian-combats-and-anima-1789482074801472000-99340-guardian_inspection_prob-1/Library/Application Support/Escape the Umbra Visual Probe implement-guardian-combats-and-anima-1789482074801472000-99340-guardian_inspection_prob-1/probes/guardian_ui/wick_shade_expanded_inspection.png 1920x1080 luma=4.6 range=240.7 stdev=17.6
Visual proof result manifest: /Users/borgerding/workspace/Labyrinth.worktrees/implement-guardian-combats-and-animated-encounters/output/guardian-revision-02/inspection-panels-v03.json
