WARNING: 2D MSAA is not yet supported for GLES3.
     at: render_target_set_msaa (drivers/gles3/storage/texture_storage.cpp:2934)
Acquired GUI render lease: /private/tmp/labyrinth-gui-render.lock
Running visual probe:
  namespace: implement-guardian-combats-and-anima-1789481303798926000-98307-guardian_map_revision_pr-1
  HOME: /private/tmp/labyrinth-godot-home/implement-guardian-combats-and-anima-1789481303798926000-98307-guardian_map_revision_pr-1
  command: godot --log-file /private/tmp/labyrinth-godot-home/implement-guardian-combats-and-anima-1789481303798926000-98307-guardian_map_revision_pr-1/godot.log --display-driver macos --rendering-method gl_compatibility --rendering-driver opengl3 --path /Users/borgerding/workspace/Labyrinth.worktrees/implement-guardian-combats-and-animated-encounters --script tests/guardian_map_revision_probe.gd
Godot Engine v4.6.1.stable.official.14d19694e - https://godotengine.org
OpenGL API 4.1 Metal - 90.5 - Compatibility - Using Device: Apple - Apple M5 Pro

GUARDIAN MAP REVISION: PASS []
Validated 24 screenshot(s):
  /private/tmp/labyrinth-godot-home/implement-guardian-combats-and-anima-1789481303798926000-98307-guardian_map_revision_pr-1/Library/Application Support/Escape the Umbra Visual Probe implement-guardian-combats-and-anima-1789481303798926000-98307-guardian_map_revision_pr-1/probes/guardian_ui/ashen_reaver_map_current.png 1920x1080 luma=20.8 range=242.1 stdev=28.8
  /private/tmp/labyrinth-godot-home/implement-guardian-combats-and-anima-1789481303798926000-98307-guardian_map_revision_pr-1/Library/Application Support/Escape the Umbra Visual Probe implement-guardian-combats-and-anima-1789481303798926000-98307-guardian_map_revision_pr-1/probes/guardian_ui/ashen_reaver_map_reachable.png 1920x1080 luma=20.8 range=242.1 stdev=28.6
  /private/tmp/labyrinth-godot-home/implement-guardian-combats-and-anima-1789481303798926000-98307-guardian_map_revision_pr-1/Library/Application Support/Escape the Umbra Visual Probe implement-guardian-combats-and-anima-1789481303798926000-98307-guardian_map_revision_pr-1/probes/guardian_ui/ashen_reaver_map_visited.png 1920x1080 luma=20.7 range=242.1 stdev=28.3
  /private/tmp/labyrinth-godot-home/implement-guardian-combats-and-anima-1789481303798926000-98307-guardian_map_revision_pr-1/Library/Application Support/Escape the Umbra Visual Probe implement-guardian-combats-and-anima-1789481303798926000-98307-guardian_map_revision_pr-1/probes/guardian_ui/ashen_reaver_selected_map.png 1920x1080 luma=20.8 range=242.1 stdev=28.6
  /private/tmp/labyrinth-godot-home/implement-guardian-combats-and-anima-1789481303798926000-98307-guardian_map_revision_pr-1/Library/Application Support/Escape the Umbra Visual Probe implement-guardian-combats-and-anima-1789481303798926000-98307-guardian_map_revision_pr-1/probes/guardian_ui/craghide_map_current.png 1920x1080 luma=28.7 range=242.1 stdev=33.5
  /private/tmp/labyrinth-godot-home/implement-guardian-combats-and-anima-1789481303798926000-98307-guardian_map_revision_pr-1/Library/Application Support/Escape the Umbra Visual Probe implement-guardian-combats-and-anima-1789481303798926000-98307-guardian_map_revision_pr-1/probes/guardian_ui/craghide_map_reachable.png 1920x1080 luma=28.7 range=242.1 stdev=33.3
  /private/tmp/labyrinth-godot-home/implement-guardian-combats-and-anima-1789481303798926000-98307-guardian_map_revision_pr-1/Library/Application Support/Escape the Umbra Visual Probe implement-guardian-combats-and-anima-1789481303798926000-98307-guardian_map_revision_pr-1/probes/guardian_ui/craghide_map_visited.png 1920x1080 luma=28.6 range=242.1 stdev=33.1
  /private/tmp/labyrinth-godot-home/implement-guardian-combats-and-anima-1789481303798926000-98307-guardian_map_revision_pr-1/Library/Application Support/Escape the Umbra Visual Probe implement-guardian-combats-and-anima-1789481303798926000-98307-guardian_map_revision_pr-1/probes/guardian_ui/craghide_selected_map.png 1920x1080 luma=28.8 range=242.1 stdev=33.4
  /private/tmp/labyrinth-godot-home/implement-guardian-combats-and-anima-1789481303798926000-98307-guardian_map_revision_pr-1/Library/Application Support/Escape the Umbra Visual Probe implement-guardian-combats-and-anima-1789481303798926000-98307-guardian_map_revision_pr-1/probes/guardian_ui/gallows_roc_map_current.png 1920x1080 luma=27.5 range=242.1 stdev=32.9
  /private/tmp/labyrinth-godot-home/implement-guardian-combats-and-anima-1789481303798926000-98307-guardian_map_revision_pr-1/Library/Application Support/Escape the Umbra Visual Probe implement-guardian-combats-and-anima-1789481303798926000-98307-guardian_map_revision_pr-1/probes/guardian_ui/gallows_roc_map_reachable.png 1920x1080 luma=27.5 range=242.1 stdev=32.7
  /private/tmp/labyrinth-godot-home/implement-guardian-combats-and-anima-1789481303798926000-98307-guardian_map_revision_pr-1/Library/Application Support/Escape the Umbra Visual Probe implement-guardian-combats-and-anima-1789481303798926000-98307-guardian_map_revision_pr-1/probes/guardian_ui/gallows_roc_map_visited.png 1920x1080 luma=27.4 range=242.1 stdev=32.5
  /private/tmp/labyrinth-godot-home/implement-guardian-combats-and-anima-1789481303798926000-98307-guardian_map_revision_pr-1/Library/Application Support/Escape the Umbra Visual Probe implement-guardian-combats-and-anima-1789481303798926000-98307-guardian_map_revision_pr-1/probes/guardian_ui/gallows_roc_selected_map.png 1920x1080 luma=27.5 range=242.1 stdev=32.7
  /private/tmp/labyrinth-godot-home/implement-guardian-combats-and-anima-1789481303798926000-98307-guardian_map_revision_pr-1/Library/Application Support/Escape the Umbra Visual Probe implement-guardian-combats-and-anima-1789481303798926000-98307-guardian_map_revision_pr-1/probes/guardian_ui/last_lamplighter_map_current.png 1920x1080 luma=19.3 range=242.1 stdev=27.9
  /private/tmp/labyrinth-godot-home/implement-guardian-combats-and-anima-1789481303798926000-98307-guardian_map_revision_pr-1/Library/Application Support/Escape the Umbra Visual Probe implement-guardian-combats-and-anima-1789481303798926000-98307-guardian_map_revision_pr-1/probes/guardian_ui/last_lamplighter_map_reachable.png 1920x1080 luma=19.4 range=242.1 stdev=27.8
  /private/tmp/labyrinth-godot-home/implement-guardian-combats-and-anima-1789481303798926000-98307-guardian_map_revision_pr-1/Library/Application Support/Escape the Umbra Visual Probe implement-guardian-combats-and-anima-1789481303798926000-98307-guardian_map_revision_pr-1/probes/guardian_ui/last_lamplighter_map_visited.png 1920x1080 luma=19.2 range=242.1 stdev=27.4
  /private/tmp/labyrinth-godot-home/implement-guardian-combats-and-anima-1789481303798926000-98307-guardian_map_revision_pr-1/Library/Application Support/Escape the Umbra Visual Probe implement-guardian-combats-and-anima-1789481303798926000-98307-guardian_map_revision_pr-1/probes/guardian_ui/last_lamplighter_selected_map.png 1920x1080 luma=19.4 range=242.1 stdev=27.8
  /private/tmp/labyrinth-godot-home/implement-guardian-combats-and-anima-1789481303798926000-98307-guardian_map_revision_pr-1/Library/Application Support/Escape the Umbra Visual Probe implement-guardian-combats-and-anima-1789481303798926000-98307-guardian_map_revision_pr-1/probes/guardian_ui/rimejaw_map_current.png 1920x1080 luma=32.7 range=242.1 stdev=37.1
  /private/tmp/labyrinth-godot-home/implement-guardian-combats-and-anima-1789481303798926000-98307-guardian_map_revision_pr-1/Library/Application Support/Escape the Umbra Visual Probe implement-guardian-combats-and-anima-1789481303798926000-98307-guardian_map_revision_pr-1/probes/guardian_ui/rimejaw_map_reachable.png 1920x1080 luma=32.7 range=242.1 stdev=37.1
  /private/tmp/labyrinth-godot-home/implement-guardian-combats-and-anima-1789481303798926000-98307-guardian_map_revision_pr-1/Library/Application Support/Escape the Umbra Visual Probe implement-guardian-combats-and-anima-1789481303798926000-98307-guardian_map_revision_pr-1/probes/guardian_ui/rimejaw_map_visited.png 1920x1080 luma=32.6 range=242.1 stdev=36.8
  /private/tmp/labyrinth-godot-home/implement-guardian-combats-and-anima-1789481303798926000-98307-guardian_map_revision_pr-1/Library/Application Support/Escape the Umbra Visual Probe implement-guardian-combats-and-anima-1789481303798926000-98307-guardian_map_revision_pr-1/probes/guardian_ui/rimejaw_selected_map.png 1920x1080 luma=32.7 range=242.1 stdev=37.0
  /private/tmp/labyrinth-godot-home/implement-guardian-combats-and-anima-1789481303798926000-98307-guardian_map_revision_pr-1/Library/Application Support/Escape the Umbra Visual Probe implement-guardian-combats-and-anima-1789481303798926000-98307-guardian_map_revision_pr-1/probes/guardian_ui/storm_cantor_map_current.png 1920x1080 luma=23.8 range=242.1 stdev=30.8
  /private/tmp/labyrinth-godot-home/implement-guardian-combats-and-anima-1789481303798926000-98307-guardian_map_revision_pr-1/Library/Application Support/Escape the Umbra Visual Probe implement-guardian-combats-and-anima-1789481303798926000-98307-guardian_map_revision_pr-1/probes/guardian_ui/storm_cantor_map_reachable.png 1920x1080 luma=23.7 range=242.1 stdev=30.6
  /private/tmp/labyrinth-godot-home/implement-guardian-combats-and-anima-1789481303798926000-98307-guardian_map_revision_pr-1/Library/Application Support/Escape the Umbra Visual Probe implement-guardian-combats-and-anima-1789481303798926000-98307-guardian_map_revision_pr-1/probes/guardian_ui/storm_cantor_map_visited.png 1920x1080 luma=23.7 range=242.1 stdev=30.4
  /private/tmp/labyrinth-godot-home/implement-guardian-combats-and-anima-1789481303798926000-98307-guardian_map_revision_pr-1/Library/Application Support/Escape the Umbra Visual Probe implement-guardian-combats-and-anima-1789481303798926000-98307-guardian_map_revision_pr-1/probes/guardian_ui/storm_cantor_selected_map.png 1920x1080 luma=23.8 range=242.1 stdev=30.7
Visual proof result manifest: /Users/borgerding/workspace/Labyrinth.worktrees/implement-guardian-combats-and-animated-encounters/output/guardian-revision-02/map-selection-v02.json
