Acquired GUI render lease: /private/tmp/labyrinth-gui-render.lock
Running visual probe:
  namespace: implement-guardian-combats-and-anima-1789416573919026000-86508-guardian_inspection_prob-1
  HOME: /private/tmp/labyrinth-godot-home/implement-guardian-combats-and-anima-1789416573919026000-86508-guardian_inspection_prob-1
  command: godot --log-file /private/tmp/labyrinth-godot-home/implement-guardian-combats-and-anima-1789416573919026000-86508-guardian_inspection_prob-1/godot.log --display-driver macos --rendering-method mobile --rendering-driver metal --path /Users/borgerding/workspace/Labyrinth.worktrees/implement-guardian-combats-and-animated-encounters --script tests/guardian_inspection_probe.gd
Godot Engine v4.6.1.stable.official.14d19694e - https://godotengine.org
Metal 4.0 - Forward Mobile - Using Device #0: Apple - Apple M5 Pro (Apple9)

GUARDIAN INSPECTION: PASS []
Validated 14 screenshot(s):
  /private/tmp/labyrinth-godot-home/implement-guardian-combats-and-anima-1789416573919026000-86508-guardian_inspection_prob-1/Library/Application Support/Escape the Umbra Visual Probe implement-guardian-combats-and-anima-1789416573919026000-86508-guardian_inspection_prob-1/probes/guardian_ui/ash_hound_expanded_inspection.png 1920x1080 luma=5.0 range=240.7 stdev=16.3
  /private/tmp/labyrinth-godot-home/implement-guardian-combats-and-anima-1789416573919026000-86508-guardian_inspection_prob-1/Library/Application Support/Escape the Umbra Visual Probe implement-guardian-combats-and-anima-1789416573919026000-86508-guardian_inspection_prob-1/probes/guardian_ui/ashen_reaver_expanded_inspection.png 1920x1080 luma=6.1 range=250.3 stdev=20.8
  /private/tmp/labyrinth-godot-home/implement-guardian-combats-and-anima-1789416573919026000-86508-guardian_inspection_prob-1/Library/Application Support/Escape the Umbra Visual Probe implement-guardian-combats-and-anima-1789416573919026000-86508-guardian_inspection_prob-1/probes/guardian_ui/bell_tender_expanded_inspection.png 1920x1080 luma=5.6 range=246.8 stdev=19.0
  /private/tmp/labyrinth-godot-home/implement-guardian-combats-and-anima-1789416573919026000-86508-guardian_inspection_prob-1/Library/Application Support/Escape the Umbra Visual Probe implement-guardian-combats-and-anima-1789416573919026000-86508-guardian_inspection_prob-1/probes/guardian_ui/craghide_expanded_inspection.png 1920x1080 luma=6.4 range=240.7 stdev=21.8
  /private/tmp/labyrinth-godot-home/implement-guardian-combats-and-anima-1789416573919026000-86508-guardian_inspection_prob-1/Library/Application Support/Escape the Umbra Visual Probe implement-guardian-combats-and-anima-1789416573919026000-86508-guardian_inspection_prob-1/probes/guardian_ui/gallows_roc_expanded_inspection.png 1920x1080 luma=6.2 range=240.7 stdev=21.2
  /private/tmp/labyrinth-godot-home/implement-guardian-combats-and-anima-1789416573919026000-86508-guardian_inspection_prob-1/Library/Application Support/Escape the Umbra Visual Probe implement-guardian-combats-and-anima-1789416573919026000-86508-guardian_inspection_prob-1/probes/guardian_ui/last_lamplighter_expanded_inspection.png 1920x1080 luma=6.9 range=240.7 stdev=23.7
  /private/tmp/labyrinth-godot-home/implement-guardian-combats-and-anima-1789416573919026000-86508-guardian_inspection_prob-1/Library/Application Support/Escape the Umbra Visual Probe implement-guardian-combats-and-anima-1789416573919026000-86508-guardian_inspection_prob-1/probes/guardian_ui/lightning_wisp_expanded_inspection.png 1920x1080 luma=6.4 range=255.0 stdev=23.1
  /private/tmp/labyrinth-godot-home/implement-guardian-combats-and-anima-1789416573919026000-86508-guardian_inspection_prob-1/Library/Application Support/Escape the Umbra Visual Probe implement-guardian-combats-and-anima-1789416573919026000-86508-guardian_inspection_prob-1/probes/guardian_ui/rime_spitter_expanded_inspection.png 1920x1080 luma=5.9 range=249.5 stdev=20.6
  /private/tmp/labyrinth-godot-home/implement-guardian-combats-and-anima-1789416573919026000-86508-guardian_inspection_prob-1/Library/Application Support/Escape the Umbra Visual Probe implement-guardian-combats-and-anima-1789416573919026000-86508-guardian_inspection_prob-1/probes/guardian_ui/rime_whelp_expanded_inspection.png 1920x1080 luma=5.5 range=254.1 stdev=19.1
  /private/tmp/labyrinth-godot-home/implement-guardian-combats-and-anima-1789416573919026000-86508-guardian_inspection_prob-1/Library/Application Support/Escape the Umbra Visual Probe implement-guardian-combats-and-anima-1789416573919026000-86508-guardian_inspection_prob-1/probes/guardian_ui/rimejaw_expanded_inspection.png 1920x1080 luma=6.0 range=252.0 stdev=20.8
  /private/tmp/labyrinth-godot-home/implement-guardian-combats-and-anima-1789416573919026000-86508-guardian_inspection_prob-1/Library/Application Support/Escape the Umbra Visual Probe implement-guardian-combats-and-anima-1789416573919026000-86508-guardian_inspection_prob-1/probes/guardian_ui/roc_fledgling_expanded_inspection.png 1920x1080 luma=5.4 range=240.7 stdev=18.0
  /private/tmp/labyrinth-godot-home/implement-guardian-combats-and-anima-1789416573919026000-86508-guardian_inspection_prob-1/Library/Application Support/Escape the Umbra Visual Probe implement-guardian-combats-and-anima-1789416573919026000-86508-guardian_inspection_prob-1/probes/guardian_ui/stoneback_mite_expanded_inspection.png 1920x1080 luma=5.3 range=240.7 stdev=17.7
  /private/tmp/labyrinth-godot-home/implement-guardian-combats-and-anima-1789416573919026000-86508-guardian_inspection_prob-1/Library/Application Support/Escape the Umbra Visual Probe implement-guardian-combats-and-anima-1789416573919026000-86508-guardian_inspection_prob-1/probes/guardian_ui/storm_cantor_expanded_inspection.png 1920x1080 luma=6.8 range=240.7 stdev=23.2
  /private/tmp/labyrinth-godot-home/implement-guardian-combats-and-anima-1789416573919026000-86508-guardian_inspection_prob-1/Library/Application Support/Escape the Umbra Visual Probe implement-guardian-combats-and-anima-1789416573919026000-86508-guardian_inspection_prob-1/probes/guardian_ui/wick_shade_expanded_inspection.png 1920x1080 luma=5.5 range=251.2 stdev=19.3
Visual proof result manifest: /Users/borgerding/workspace/Labyrinth.worktrees/implement-guardian-combats-and-animated-encounters/output/guardian-implementation/inspection-v04/visual_probe_result.json
