Input #0, mov,mp4,m4a,3gp,3g2,mj2, from '/Users/borgerding/workspace/Labyrinth.worktrees/refresh-all-steam-store-materials-from-current-visuals/marketing/trailer/out/escape-the-umbra-steam-trailer.mp4':
  Metadata:
    major_brand     : isom
    minor_version   : 512
    compatible_brands: isomiso2avc1mp41
    encoder         : Lavf61.7.100
    comment         : Made with Remotion 4.0.490
  Duration: 00:00:57.47, start: 0.000000, bitrate: 14412 kb/s
  Stream #0:0[0x1](und): Video: h264 (High) (avc1 / 0x31637661), yuvj420p(pc, bt470bg/unknown/unknown, progressive), 1920x1080 [SAR 1:1 DAR 16:9], 14086 kb/s, 30 fps, 30 tbr, 90k tbn (default)
    Metadata:
      handler_name    : VideoHandler
      encoder         : Lavc61.19.100 libx264
    Side data:
      ICC Profile: (456 bytes)
  Stream #0:1[0x2](und): Audio: aac (LC) (mp4a / 0x6134706D), 48000 Hz, stereo, fltp, 317 kb/s (default)
    Metadata:
      handler_name    : SoundHandler
Stream mapping:
  Stream #0:0 -> #0:0 (h264 (native) -> wrapped_avframe (native))
Press [q] to stop, [?] for help
Output #0, null, to 'pipe:':
  Metadata:
    major_brand     : isom
    minor_version   : 512
    compatible_brands: isomiso2avc1mp41
    comment         : Made with Remotion 4.0.490
    encoder         : Lavf62.12.101
  Stream #0:0(und): Video: wrapped_avframe, yuvj420p(pc, bt470bg/unknown/unknown, progressive), 1920x1080 [SAR 1:1 DAR 16:9], q=2-31, 200 kb/s, 30 fps, 30 tbn (default)
    Metadata:
      encoder         : Lavc62.28.101 wrapped_avframe
      handler_name    : VideoHandler
    Side data:
      ICC Profile: (456 bytes)
[Parsed_blackdetect_0 @ 0x83ac49f80] black_start:0 black_end:0.1 black_duration:0.1
frame=  845 fps=0.0 q=-0.0 size=N/A time=00:00:28.16 bitrate=N/A speed=55.2x elapsed=0:00:00.51
[out#0/null @ 0x83ac48300] video:714KiB audio:0KiB subtitle:0KiB other streams:0KiB global headers:0KiB muxing overhead: unknown
frame= 1724 fps=1715 q=-0.0 Lsize=N/A time=00:00:57.46 bitrate=N/A speed=57.2x elapsed=0:00:01.00
