Input #0, mov,mp4,m4a,3gp,3g2,mj2, from '/Users/borgerding/workspace/Labyrinth.worktrees/refresh-all-steam-store-materials-from-current-visuals/marketing/trailer/out/escape-the-umbra-steam-trailer.mp4':
  Metadata:
    major_brand     : isom
    minor_version   : 512
    compatible_brands: isomiso2avc1mp41
    encoder         : Lavf61.7.100
    comment         : Made with Remotion 4.0.490
  Duration: 00:00:57.47, start: 0.000000, bitrate: 14412 kb/s
  Stream #0:0[0x1](und): Video: h264 (High) (avc1 / 0x31637661), yuvj420p(pc, bt470bg/unknown/unknown, progressive), 1920x1080 [SAR 1:1 DAR 16:9], 14086 kb/s, 30 fps, 30 tbr, 90k tbn (default)
    Metadata:
      handler_name    : VideoHandler
      encoder         : Lavc61.19.100 libx264
    Side data:
      ICC Profile: (456 bytes)
  Stream #0:1[0x2](und): Audio: aac (LC) (mp4a / 0x6134706D), 48000 Hz, stereo, fltp, 317 kb/s (default)
    Metadata:
      handler_name    : SoundHandler
[Parsed_volumedetect_0 @ 0x84d034600] n_samples: 0
Stream mapping:
  Stream #0:1 -> #0:0 (aac (native) -> pcm_s16le (native))
Press [q] to stop, [?] for help
Output #0, null, to 'pipe:':
  Metadata:
    major_brand     : isom
    minor_version   : 512
    compatible_brands: isomiso2avc1mp41
    comment         : Made with Remotion 4.0.490
    encoder         : Lavf62.12.101
  Stream #0:0(und): Audio: pcm_s16le, 48000 Hz, stereo, s16, 1536 kb/s (default)
    Metadata:
      encoder         : Lavc62.28.101 pcm_s16le
      handler_name    : SoundHandler
[Parsed_volumedetect_0 @ 0x84d034a80] n_samples: 5496832
[Parsed_volumedetect_0 @ 0x84d034a80] mean_volume: -22.1 dB
[Parsed_volumedetect_0 @ 0x84d034a80] max_volume: -4.2 dB
[Parsed_volumedetect_0 @ 0x84d034a80] histogram_4db: 30
[Parsed_volumedetect_0 @ 0x84d034a80] histogram_5db: 212
[Parsed_volumedetect_0 @ 0x84d034a80] histogram_6db: 419
[Parsed_volumedetect_0 @ 0x84d034a80] histogram_7db: 639
[Parsed_volumedetect_0 @ 0x84d034a80] histogram_8db: 797
[Parsed_volumedetect_0 @ 0x84d034a80] histogram_9db: 1001
[Parsed_volumedetect_0 @ 0x84d034a80] histogram_10db: 1307
[Parsed_volumedetect_0 @ 0x84d034a80] histogram_11db: 2937
[out#0/null @ 0x84d034300] video:0KiB audio:10736KiB subtitle:0KiB other streams:0KiB global headers:0KiB muxing overhead: unknown
size=N/A time=00:00:57.25 bitrate=N/A speed=1.55e+03x elapsed=0:00:00.03    
